{
    "bismark-fastq": {
        "content": [
            [
                "bismark",
                "bismark/alignments",
                "bismark/alignments/logs",
                "bismark/alignments/logs/Ecoli_10K_methylated_L001.Ecoli_10K_methylated_L001_trimmed_1_bismark_bt2_PE_report.txt",
                "bismark/alignments/logs/SRR389222_sub1_L001.SRR389222_sub1_L001_trimmed_1_bismark_bt2_SE_report.txt",
                "bismark/alignments/logs/SRR389222_sub1_L002.SRR389222_sub1_L002_trimmed_1_bismark_bt2_SE_report.txt",
                "bismark/alignments/logs/SRR389222_sub3_L001.SRR389222_sub3_L001_trimmed_1_bismark_bt2_SE_report.txt",
                "bismark/deduplicated",
                "bismark/deduplicated/Ecoli_10K_methylated.deduplicated.bam",
                "bismark/deduplicated/Ecoli_10K_methylated.deduplication_report.txt",
                "bismark/deduplicated/SRR389222_sub1.deduplicated.bam",
                "bismark/deduplicated/SRR389222_sub1.deduplication_report.txt",
                "bismark/deduplicated/SRR389222_sub3.deduplicated.bam",
                "bismark/deduplicated/SRR389222_sub3.deduplication_report.txt",
                "bismark/methylation_calls",
                "bismark/summary",
                "bismark/summary/Ecoli_10K_methylated_SE_report.txt",
                "bismark/summary/SRR389222_sub1_SE_report.txt",
                "bismark/summary/SRR389222_sub3_SE_report.txt",
                "bismark/summary/bismark_summary_report.html",
                "bismark/summary/bismark_summary_report.txt",
                "fastp",
                "fastp/Ecoli_10K_methylated_L001_fastp.html",
                "fastp/Ecoli_10K_methylated_L001_fastp.json",
                "fastp/Ecoli_10K_methylated_L001_trimmed_1.fastq.gz",
                "fastp/Ecoli_10K_methylated_L001_trimmed_2.fastq.gz",
                "fastp/SRR389222_sub1_L001_fastp.html",
                "fastp/SRR389222_sub1_L001_fastp.json",
                "fastp/SRR389222_sub1_L001_trimmed_1.fastq.gz",
                "fastp/SRR389222_sub1_L002_fastp.html",
                "fastp/SRR389222_sub1_L002_fastp.json",
                "fastp/SRR389222_sub1_L002_trimmed_1.fastq.gz",
                "fastp/SRR389222_sub3_L001_fastp.html",
                "fastp/SRR389222_sub3_L001_fastp.json",
                "fastp/SRR389222_sub3_L001_trimmed_1.fastq.gz",
                "merged_alignment",
                "merged_alignment/Ecoli_10K_methylated.bam",
                "merged_alignment/Ecoli_10K_methylated.bam.bai",
                "merged_alignment/Ecoli_10K_methylated.cram",
                "merged_alignment/Ecoli_10K_methylated.cram.crai",
                "merged_alignment/SRR389222_sub1.bam",
                "merged_alignment/SRR389222_sub1.bam.bai",
                "merged_alignment/SRR389222_sub1.cram",
                "merged_alignment/SRR389222_sub1.cram.crai",
                "merged_alignment/SRR389222_sub3.bam",
                "merged_alignment/SRR389222_sub3.bam.bai",
                "merged_alignment/SRR389222_sub3.cram",
                "merged_alignment/SRR389222_sub3.cram.crai"
            ],
            [
                "Ecoli_10K_methylated.cytosine_context_summary.txt:md5,86fb169f88332e8e51606c575bf73ed6",
                "Ecoli_10K_methylated.deduplicated.M-bias.txt:md5,c926fabbb2a768ec0260770cdd4575bb",
                "Ecoli_10K_methylated.deduplicated_splitting_report.txt:md5,032565578553b6886ed010ed3944d05f",
                "SRR389222_sub1.cytosine_context_summary.txt:md5,31190f55529aea4b8fb2ba0c40d82291",
                "SRR389222_sub1.deduplicated.M-bias.txt:md5,30504bdfd1c1a5baf44e522c0e8a46bb",
                "SRR389222_sub1.deduplicated_splitting_report.txt:md5,2478b1585433de6ae7d5345dff638a97",
                "SRR389222_sub3.cytosine_context_summary.txt:md5,cda20861d54fd5809b0d8c4ae12d1c15",
                "SRR389222_sub3.deduplicated.M-bias.txt:md5,4253c946aa36c4168e012dda1e848596",
                "SRR389222_sub3.deduplicated_splitting_report.txt:md5,f4b36bd901d79654a4824a7995a5f414"
            ]
        ],
        "timestamp": "2026-04-20T16:58:53.941822892",
        "meta": {
            "nf-test": "0.9.4",
            "nextflow": "25.10.4"
        }
    }
}