{
    "bismark-fastq": {
        "content": [
            [
                "bismark",
                "bismark/alignments",
                "bismark/alignments/logs",
                "bismark/alignments/logs/Ecoli_10K_methylated_L001.Ecoli_10K_methylated_L001_trimmed_1_bismark_bt2_PE_report.txt",
                "bismark/alignments/logs/SRR389222_sub1_L001.SRR389222_sub1_L001_trimmed_1_bismark_bt2_SE_report.txt",
                "bismark/alignments/logs/SRR389222_sub1_L002.SRR389222_sub1_L002_trimmed_1_bismark_bt2_SE_report.txt",
                "bismark/alignments/logs/SRR389222_sub3_L001.SRR389222_sub3_L001_trimmed_1_bismark_bt2_SE_report.txt",
                "bismark/deduplicated",
                "bismark/deduplicated/Ecoli_10K_methylated.deduplicated.bam",
                "bismark/deduplicated/Ecoli_10K_methylated.deduplication_report.txt",
                "bismark/deduplicated/Ecoli_10K_methylated_L001_sorted.bam",
                "bismark/deduplicated/SRR389222_sub1.deduplicated.bam",
                "bismark/deduplicated/SRR389222_sub1.deduplication_report.txt",
                "bismark/deduplicated/SRR389222_sub1_L001_sorted.bam",
                "bismark/deduplicated/SRR389222_sub1_L002_sorted.bam",
                "bismark/deduplicated/SRR389222_sub3.deduplicated.bam",
                "bismark/deduplicated/SRR389222_sub3.deduplication_report.txt",
                "bismark/deduplicated/SRR389222_sub3_L001_sorted.bam",
                "bismark/methylation_calls",
                "bismark/summary",
                "bismark/summary/Ecoli_10K_methylated_SE_report.txt",
                "bismark/summary/SRR389222_sub1_SE_report.txt",
                "bismark/summary/SRR389222_sub3_SE_report.txt",
                "bismark/summary/bismark_summary_report.html",
                "bismark/summary/bismark_summary_report.txt",
                "trimgalore",
                "trimgalore/fastqc",
                "trimgalore/fastqc/Ecoli_10K_methylated_L001_fastp.html",
                "trimgalore/fastqc/Ecoli_10K_methylated_L001_fastp.json",
                "trimgalore/fastqc/Ecoli_10K_methylated_L001_trimmed_1.fastq.gz",
                "trimgalore/fastqc/Ecoli_10K_methylated_L001_trimmed_2.fastq.gz",
                "trimgalore/fastqc/SRR389222_sub1_L001_fastp.html",
                "trimgalore/fastqc/SRR389222_sub1_L001_fastp.json",
                "trimgalore/fastqc/SRR389222_sub1_L001_trimmed_1.fastq.gz",
                "trimgalore/fastqc/SRR389222_sub1_L002_fastp.html",
                "trimgalore/fastqc/SRR389222_sub1_L002_fastp.json",
                "trimgalore/fastqc/SRR389222_sub1_L002_trimmed_1.fastq.gz",
                "trimgalore/fastqc/SRR389222_sub3_L001_fastp.html",
                "trimgalore/fastqc/SRR389222_sub3_L001_fastp.json",
                "trimgalore/fastqc/SRR389222_sub3_L001_trimmed_1.fastq.gz"
            ],
            [
                "Ecoli_10K_methylated.deduplication_report.txt:md5,b8ec068d6b309da11c04e83cff996270",
                "Ecoli_10K_methylated_L001_trimmed_1.fastq.gz:md5,add2fdd04ca2fd69bcedfed97865a1bf",
                "Ecoli_10K_methylated_L001_trimmed_2.fastq.gz:md5,96cefd56150503cce83ba0f06e2bef3b",
                "SRR389222_sub1.deduplication_report.txt:md5,433b28d3107de912417a52555af7ace3",
                "SRR389222_sub1_L001_trimmed_1.fastq.gz:md5,693099be593a25f4cc5c804673691a2e",
                "SRR389222_sub1_L002_trimmed_1.fastq.gz:md5,999fd4043b112c00edd7e9c04d9098ce",
                "SRR389222_sub3.deduplication_report.txt:md5,97c3faa6ba26c474fca61a241b735c7e",
                "SRR389222_sub3_L001_trimmed_1.fastq.gz:md5,5e8339b90ecb42becdbea34e334e84ac"
            ]
        ],
        "timestamp": "2026-04-20T13:43:55.086366914",
        "meta": {
            "nf-test": "0.9.4",
            "nextflow": "25.10.4"
        }
    }
}