{
    "bismark-fastq": {
        "content": [
            [
                "bismark",
                "bismark/alignments",
                "bismark/alignments/logs",
                "bismark/alignments/logs/Ecoli_10K_methylated_trimmed_1_bismark_bt2_PE_report.txt",
                "bismark/alignments/logs/SRR389222_sub1_trimmed_1_bismark_bt2_SE_report.txt",
                "bismark/alignments/logs/SRR389222_sub2_trimmed_1_bismark_bt2_SE_report.txt",
                "bismark/alignments/logs/SRR389222_sub3_trimmed_1_bismark_bt2_SE_report.txt",
                "bismark/deduplicated",
                "bismark/deduplicated/Ecoli_10K_methylated_trimmed_1_bismark_bt2_pe.deduplicated.bam",
                "bismark/deduplicated/Ecoli_10K_methylated_trimmed_1_bismark_bt2_pe.deduplication_report.txt",
                "bismark/deduplicated/SRR389222_sub1_trimmed_1_bismark_bt2.deduplicated.bam",
                "bismark/deduplicated/SRR389222_sub1_trimmed_1_bismark_bt2.deduplication_report.txt",
                "bismark/deduplicated/SRR389222_sub2_trimmed_1_bismark_bt2.deduplicated.bam",
                "bismark/deduplicated/SRR389222_sub2_trimmed_1_bismark_bt2.deduplication_report.txt",
                "bismark/deduplicated/SRR389222_sub3_trimmed_1_bismark_bt2.deduplicated.bam",
                "bismark/deduplicated/SRR389222_sub3_trimmed_1_bismark_bt2.deduplication_report.txt",
                "bismark/methylation_calls",
                "bismark/reports",
                "bismark/reports/Ecoli_10K_methylated_trimmed_1_bismark_bt2_PE_report.html",
                "bismark/reports/SRR389222_sub1_trimmed_1_bismark_bt2_SE_report.html",
                "bismark/reports/SRR389222_sub2_trimmed_1_bismark_bt2_SE_report.html",
                "bismark/reports/SRR389222_sub3_trimmed_1_bismark_bt2_SE_report.html",
                "bismark/summary",
                "bismark/summary/bismark_summary_report.html",
                "bismark/summary/bismark_summary_report.txt",
                "trimgalore",
                "trimgalore/fastqc",
                "trimgalore/fastqc/Ecoli_10K_methylated_fastp.html",
                "trimgalore/fastqc/Ecoli_10K_methylated_fastp.json",
                "trimgalore/fastqc/Ecoli_10K_methylated_trimmed_1.fastq.gz",
                "trimgalore/fastqc/Ecoli_10K_methylated_trimmed_2.fastq.gz",
                "trimgalore/fastqc/SRR389222_sub1_fastp.html",
                "trimgalore/fastqc/SRR389222_sub1_fastp.json",
                "trimgalore/fastqc/SRR389222_sub1_trimmed_1.fastq.gz",
                "trimgalore/fastqc/SRR389222_sub2_fastp.html",
                "trimgalore/fastqc/SRR389222_sub2_fastp.json",
                "trimgalore/fastqc/SRR389222_sub2_trimmed_1.fastq.gz",
                "trimgalore/fastqc/SRR389222_sub3_fastp.html",
                "trimgalore/fastqc/SRR389222_sub3_fastp.json",
                "trimgalore/fastqc/SRR389222_sub3_trimmed_1.fastq.gz"
            ],
            [
                "Ecoli_10K_methylated_trimmed_1.fastq.gz:md5,add2fdd04ca2fd69bcedfed97865a1bf",
                "Ecoli_10K_methylated_trimmed_1_bismark_bt2_pe.deduplicated.bam:md5,59d0ef4783cbe4b8a520ec0ad30a4a20",
                "Ecoli_10K_methylated_trimmed_1_bismark_bt2_pe.deduplication_report.txt:md5,30d9f3f6c45b3a2ec481db81c644ce08",
                "Ecoli_10K_methylated_trimmed_2.fastq.gz:md5,96cefd56150503cce83ba0f06e2bef3b",
                "SRR389222_sub1_trimmed_1.fastq.gz:md5,693099be593a25f4cc5c804673691a2e",
                "SRR389222_sub1_trimmed_1_bismark_bt2.deduplicated.bam:md5,26fbd7b96ed40539e304b078dc40483f",
                "SRR389222_sub1_trimmed_1_bismark_bt2.deduplication_report.txt:md5,3fd1380f97dc7c2d2864085d6c0c2760",
                "SRR389222_sub2_trimmed_1.fastq.gz:md5,999fd4043b112c00edd7e9c04d9098ce",
                "SRR389222_sub2_trimmed_1_bismark_bt2.deduplicated.bam:md5,354f7e55f181300b302106aa2e15b59f",
                "SRR389222_sub2_trimmed_1_bismark_bt2.deduplication_report.txt:md5,c738f44e097faf9a6a0c2510d0431f5a",
                "SRR389222_sub3_trimmed_1.fastq.gz:md5,5e8339b90ecb42becdbea34e334e84ac",
                "SRR389222_sub3_trimmed_1_bismark_bt2.deduplicated.bam:md5,7dea9b84eca61442bf9c90ba7451f211",
                "SRR389222_sub3_trimmed_1_bismark_bt2.deduplication_report.txt:md5,4d3e9c76ce9fc64f283f54846ce2387a"
            ]
        ],
        "timestamp": "2026-04-18T02:30:36.146672587",
        "meta": {
            "nf-test": "0.9.4",
            "nextflow": "25.10.4"
        }
    }
}