{
    "single-fastq": {
        "content": [
            [
                "bismark",
                "bismark/alignments",
                "bismark/alignments/logs",
                "bismark/alignments/logs/Ecoli_10K_methylated_L001_trimmed_1_bismark_bt2_PE_report.txt",
                "bismark/alignments/logs/SRR389222_sub1_L001_trimmed_1_bismark_bt2_SE_report.txt",
                "bismark/alignments/logs/SRR389222_sub2_L001_trimmed_1_bismark_bt2_SE_report.txt",
                "bismark/alignments/logs/SRR389222_sub3_L001_trimmed_1_bismark_bt2_SE_report.txt",
                "bismark/deduplicated",
                "bismark/deduplicated/Ecoli_10K_methylated.bam",
                "bismark/deduplicated/Ecoli_10K_methylated.bam.bai",
                "bismark/deduplicated/Ecoli_10K_methylated_L001_trimmed_1_bismark_bt2_pe.deduplicated.bam",
                "bismark/deduplicated/Ecoli_10K_methylated_L001_trimmed_1_bismark_bt2_pe.deduplication_report.txt",
                "bismark/deduplicated/SRR389222_sub1.bam",
                "bismark/deduplicated/SRR389222_sub1.bam.bai",
                "bismark/deduplicated/SRR389222_sub1_L001_trimmed_1_bismark_bt2.deduplicated.bam",
                "bismark/deduplicated/SRR389222_sub1_L001_trimmed_1_bismark_bt2.deduplication_report.txt",
                "bismark/deduplicated/SRR389222_sub2.bam",
                "bismark/deduplicated/SRR389222_sub2.bam.bai",
                "bismark/deduplicated/SRR389222_sub2_L001_trimmed_1_bismark_bt2.deduplicated.bam",
                "bismark/deduplicated/SRR389222_sub2_L001_trimmed_1_bismark_bt2.deduplication_report.txt",
                "bismark/deduplicated/SRR389222_sub3.bam",
                "bismark/deduplicated/SRR389222_sub3.bam.bai",
                "bismark/deduplicated/SRR389222_sub3_L001_trimmed_1_bismark_bt2.deduplicated.bam",
                "bismark/deduplicated/SRR389222_sub3_L001_trimmed_1_bismark_bt2.deduplication_report.txt",
                "bismark/methylation_calls",
                "bismark/methylation_calls/bedGraph",
                "bismark/methylation_calls/bedGraph/Ecoli_10K_methylated_L001_trimmed_1_bismark_bt2_pe.deduplicated.bedGraph.gz",
                "bismark/methylation_calls/bedGraph/SRR389222_sub1_L001_trimmed_1_bismark_bt2.deduplicated.bedGraph.gz",
                "bismark/methylation_calls/bedGraph/SRR389222_sub2_L001_trimmed_1_bismark_bt2.deduplicated.bedGraph.gz",
                "bismark/methylation_calls/bedGraph/SRR389222_sub3_L001_trimmed_1_bismark_bt2.deduplicated.bedGraph.gz",
                "bismark/methylation_calls/mbias",
                "bismark/methylation_calls/mbias/Ecoli_10K_methylated_L001_trimmed_1_bismark_bt2_pe.deduplicated.M-bias.txt",
                "bismark/methylation_calls/mbias/SRR389222_sub1_L001_trimmed_1_bismark_bt2.deduplicated.M-bias.txt",
                "bismark/methylation_calls/mbias/SRR389222_sub2_L001_trimmed_1_bismark_bt2.deduplicated.M-bias.txt",
                "bismark/methylation_calls/mbias/SRR389222_sub3_L001_trimmed_1_bismark_bt2.deduplicated.M-bias.txt",
                "bismark/methylation_calls/methylation_calls",
                "bismark/methylation_calls/methylation_calls/CHG_OB_Ecoli_10K_methylated_L001_trimmed_1_bismark_bt2_pe.deduplicated.txt.gz",
                "bismark/methylation_calls/methylation_calls/CHG_OB_SRR389222_sub1_L001_trimmed_1_bismark_bt2.deduplicated.txt.gz",
                "bismark/methylation_calls/methylation_calls/CHG_OB_SRR389222_sub2_L001_trimmed_1_bismark_bt2.deduplicated.txt.gz",
                "bismark/methylation_calls/methylation_calls/CHG_OB_SRR389222_sub3_L001_trimmed_1_bismark_bt2.deduplicated.txt.gz",
                "bismark/methylation_calls/methylation_calls/CHG_OT_Ecoli_10K_methylated_L001_trimmed_1_bismark_bt2_pe.deduplicated.txt.gz",
                "bismark/methylation_calls/methylation_calls/CHG_OT_SRR389222_sub1_L001_trimmed_1_bismark_bt2.deduplicated.txt.gz",
                "bismark/methylation_calls/methylation_calls/CHG_OT_SRR389222_sub2_L001_trimmed_1_bismark_bt2.deduplicated.txt.gz",
                "bismark/methylation_calls/methylation_calls/CHG_OT_SRR389222_sub3_L001_trimmed_1_bismark_bt2.deduplicated.txt.gz",
                "bismark/methylation_calls/methylation_calls/CHH_OB_Ecoli_10K_methylated_L001_trimmed_1_bismark_bt2_pe.deduplicated.txt.gz",
                "bismark/methylation_calls/methylation_calls/CHH_OB_SRR389222_sub1_L001_trimmed_1_bismark_bt2.deduplicated.txt.gz",
                "bismark/methylation_calls/methylation_calls/CHH_OB_SRR389222_sub2_L001_trimmed_1_bismark_bt2.deduplicated.txt.gz",
                "bismark/methylation_calls/methylation_calls/CHH_OB_SRR389222_sub3_L001_trimmed_1_bismark_bt2.deduplicated.txt.gz",
                "bismark/methylation_calls/methylation_calls/CHH_OT_Ecoli_10K_methylated_L001_trimmed_1_bismark_bt2_pe.deduplicated.txt.gz",
                "bismark/methylation_calls/methylation_calls/CHH_OT_SRR389222_sub1_L001_trimmed_1_bismark_bt2.deduplicated.txt.gz",
                "bismark/methylation_calls/methylation_calls/CHH_OT_SRR389222_sub2_L001_trimmed_1_bismark_bt2.deduplicated.txt.gz",
                "bismark/methylation_calls/methylation_calls/CHH_OT_SRR389222_sub3_L001_trimmed_1_bismark_bt2.deduplicated.txt.gz",
                "bismark/methylation_calls/methylation_calls/CpG_OB_Ecoli_10K_methylated_L001_trimmed_1_bismark_bt2_pe.deduplicated.txt.gz",
                "bismark/methylation_calls/methylation_calls/CpG_OB_SRR389222_sub1_L001_trimmed_1_bismark_bt2.deduplicated.txt.gz",
                "bismark/methylation_calls/methylation_calls/CpG_OB_SRR389222_sub2_L001_trimmed_1_bismark_bt2.deduplicated.txt.gz",
                "bismark/methylation_calls/methylation_calls/CpG_OB_SRR389222_sub3_L001_trimmed_1_bismark_bt2.deduplicated.txt.gz",
                "bismark/methylation_calls/methylation_calls/CpG_OT_Ecoli_10K_methylated_L001_trimmed_1_bismark_bt2_pe.deduplicated.txt.gz",
                "bismark/methylation_calls/methylation_calls/CpG_OT_SRR389222_sub1_L001_trimmed_1_bismark_bt2.deduplicated.txt.gz",
                "bismark/methylation_calls/methylation_calls/CpG_OT_SRR389222_sub2_L001_trimmed_1_bismark_bt2.deduplicated.txt.gz",
                "bismark/methylation_calls/methylation_calls/CpG_OT_SRR389222_sub3_L001_trimmed_1_bismark_bt2.deduplicated.txt.gz",
                "bismark/methylation_calls/methylation_coverage",
                "bismark/methylation_calls/methylation_coverage/Ecoli_10K_methylated_L001_trimmed_1_bismark_bt2_pe.deduplicated.bismark.cov.gz",
                "bismark/methylation_calls/methylation_coverage/SRR389222_sub1_L001_trimmed_1_bismark_bt2.deduplicated.bismark.cov.gz",
                "bismark/methylation_calls/methylation_coverage/SRR389222_sub2_L001_trimmed_1_bismark_bt2.deduplicated.bismark.cov.gz",
                "bismark/methylation_calls/methylation_coverage/SRR389222_sub3_L001_trimmed_1_bismark_bt2.deduplicated.bismark.cov.gz",
                "bismark/methylation_calls/splitting_report",
                "bismark/methylation_calls/splitting_report/Ecoli_10K_methylated_L001_trimmed_1_bismark_bt2_pe.deduplicated_splitting_report.txt",
                "bismark/methylation_calls/splitting_report/SRR389222_sub1_L001_trimmed_1_bismark_bt2.deduplicated_splitting_report.txt",
                "bismark/methylation_calls/splitting_report/SRR389222_sub2_L001_trimmed_1_bismark_bt2.deduplicated_splitting_report.txt",
                "bismark/methylation_calls/splitting_report/SRR389222_sub3_L001_trimmed_1_bismark_bt2.deduplicated_splitting_report.txt",
                "bismark/reports",
                "bismark/reports/Ecoli_10K_methylated_L001_trimmed_1_bismark_bt2_PE_report.html",
                "bismark/reports/SRR389222_sub1_L001_trimmed_1_bismark_bt2_SE_report.html",
                "bismark/reports/SRR389222_sub2_L001_trimmed_1_bismark_bt2_SE_report.html",
                "bismark/reports/SRR389222_sub3_L001_trimmed_1_bismark_bt2_SE_report.html",
                "bismark/summary",
                "bismark/summary/bismark_summary_report.html",
                "bismark/summary/bismark_summary_report.txt",
                "trimgalore",
                "trimgalore/fastqc",
                "trimgalore/fastqc/Ecoli_10K_methylated_L001_fastp.html",
                "trimgalore/fastqc/Ecoli_10K_methylated_L001_fastp.json",
                "trimgalore/fastqc/Ecoli_10K_methylated_L001_trimmed_1.fastq.gz",
                "trimgalore/fastqc/Ecoli_10K_methylated_L001_trimmed_2.fastq.gz",
                "trimgalore/fastqc/SRR389222_sub1_L001_fastp.html",
                "trimgalore/fastqc/SRR389222_sub1_L001_fastp.json",
                "trimgalore/fastqc/SRR389222_sub1_L001_trimmed_1.fastq.gz",
                "trimgalore/fastqc/SRR389222_sub2_L001_fastp.html",
                "trimgalore/fastqc/SRR389222_sub2_L001_fastp.json",
                "trimgalore/fastqc/SRR389222_sub2_L001_trimmed_1.fastq.gz",
                "trimgalore/fastqc/SRR389222_sub3_L001_fastp.html",
                "trimgalore/fastqc/SRR389222_sub3_L001_fastp.json",
                "trimgalore/fastqc/SRR389222_sub3_L001_trimmed_1.fastq.gz"
            ],
            [
                "Ecoli_10K_methylated.bam:md5,c0e5d469d5bb65fc9e636560bfd7c100",
                "Ecoli_10K_methylated.bam.bai:md5,36fc7bda8a51e5ba8db873a010bd8af1",
                "Ecoli_10K_methylated_L001_trimmed_1_bismark_bt2_pe.deduplicated.bam:md5,6e85e495e43cee6819c30f259594ce37",
                "Ecoli_10K_methylated_L001_trimmed_1_bismark_bt2_pe.deduplication_report.txt:md5,69d190e5ca3ab2fded84f8afa3a9a2d3",
                "SRR389222_sub1.bam:md5,83d578e047543db53a16033c3ac8ff51",
                "SRR389222_sub1.bam.bai:md5,878329b52245323d440a6ede9d483b3e",
                "SRR389222_sub1_L001_trimmed_1_bismark_bt2.deduplicated.bam:md5,d3c5df5070aed28ff8cb965855c31748",
                "SRR389222_sub1_L001_trimmed_1_bismark_bt2.deduplication_report.txt:md5,3b74b8ec5024eb3ae4feaf611c561881",
                "SRR389222_sub2.bam:md5,eed74562873557b1e95e6adaeb3a233c",
                "SRR389222_sub2.bam.bai:md5,b78a981a258f0041bceb8df32d0584ae",
                "SRR389222_sub2_L001_trimmed_1_bismark_bt2.deduplicated.bam:md5,c630c9eae1d5f423d43a4108c4c5bcb4",
                "SRR389222_sub2_L001_trimmed_1_bismark_bt2.deduplication_report.txt:md5,a48baaf335cc4f2efb86885d0d22638b",
                "SRR389222_sub3.bam:md5,48b43ea8d638426548e618539c038399",
                "SRR389222_sub3.bam.bai:md5,280dce102f5e6b72162f351d0166dd5a",
                "SRR389222_sub3_L001_trimmed_1_bismark_bt2.deduplicated.bam:md5,5d92be25d543102e9d113693059227a5",
                "SRR389222_sub3_L001_trimmed_1_bismark_bt2.deduplication_report.txt:md5,714ea0e08d5e2008876b793742ab1cc5",
                "Ecoli_10K_methylated_L001_trimmed_1_bismark_bt2_pe.deduplicated.bedGraph.gz:md5,7262545b878b2c685d83566d94ab7622",
                "SRR389222_sub1_L001_trimmed_1_bismark_bt2.deduplicated.bedGraph.gz:md5,5d7312489e51ca88e1ce1f689db93a64",
                "SRR389222_sub2_L001_trimmed_1_bismark_bt2.deduplicated.bedGraph.gz:md5,010f32001bbc7805f8e041f3ef0d9ea9",
                "SRR389222_sub3_L001_trimmed_1_bismark_bt2.deduplicated.bedGraph.gz:md5,e9b91f1c3207f6722a3f0f41a6719b92",
                "Ecoli_10K_methylated_L001_trimmed_1_bismark_bt2_pe.deduplicated.M-bias.txt:md5,9cb860148c032fe23e520323b3aa6610",
                "SRR389222_sub1_L001_trimmed_1_bismark_bt2.deduplicated.M-bias.txt:md5,290ebfeca4da7809cf9adfe60bab1b29",
                "SRR389222_sub2_L001_trimmed_1_bismark_bt2.deduplicated.M-bias.txt:md5,90a11e0c659979a3e272074d943efa5b",
                "SRR389222_sub3_L001_trimmed_1_bismark_bt2.deduplicated.M-bias.txt:md5,4253c946aa36c4168e012dda1e848596",
                "CHG_OB_Ecoli_10K_methylated_L001_trimmed_1_bismark_bt2_pe.deduplicated.txt.gz:md5,a5315ec249edb9e90d04c8cd79574eb6",
                "CHG_OB_SRR389222_sub1_L001_trimmed_1_bismark_bt2.deduplicated.txt.gz:md5,2845d98bade52fe2a58af52f1afd9b85",
                "CHG_OB_SRR389222_sub2_L001_trimmed_1_bismark_bt2.deduplicated.txt.gz:md5,3f35b1aa549c96dc7338683c01089723",
                "CHG_OB_SRR389222_sub3_L001_trimmed_1_bismark_bt2.deduplicated.txt.gz:md5,b069de135d071f9c6ff69518c5296fa8",
                "CHG_OT_Ecoli_10K_methylated_L001_trimmed_1_bismark_bt2_pe.deduplicated.txt.gz:md5,d15db39c712f65679cce464da6152f72",
                "CHG_OT_SRR389222_sub1_L001_trimmed_1_bismark_bt2.deduplicated.txt.gz:md5,c0b3425ebde3ede4b8ccb521659a269c",
                "CHG_OT_SRR389222_sub2_L001_trimmed_1_bismark_bt2.deduplicated.txt.gz:md5,adc2de9bbf16b0e854dbc860801838a0",
                "CHG_OT_SRR389222_sub3_L001_trimmed_1_bismark_bt2.deduplicated.txt.gz:md5,d0fc256449029358bdb5384d8bf7d12e",
                "CHH_OB_Ecoli_10K_methylated_L001_trimmed_1_bismark_bt2_pe.deduplicated.txt.gz:md5,db9ef72b9f85ac7d0a0b70798b6b05a5",
                "CHH_OB_SRR389222_sub1_L001_trimmed_1_bismark_bt2.deduplicated.txt.gz:md5,e9bea3cda06742fda721dc19c9bd4069",
                "CHH_OB_SRR389222_sub2_L001_trimmed_1_bismark_bt2.deduplicated.txt.gz:md5,7151d05e37766c218b5029a3efe40f4e",
                "CHH_OB_SRR389222_sub3_L001_trimmed_1_bismark_bt2.deduplicated.txt.gz:md5,553173dd5a781e7524bd8742994b676e",
                "CHH_OT_Ecoli_10K_methylated_L001_trimmed_1_bismark_bt2_pe.deduplicated.txt.gz:md5,e216e668a80eb0af621ea28bf30649a4",
                "CHH_OT_SRR389222_sub1_L001_trimmed_1_bismark_bt2.deduplicated.txt.gz:md5,d01beb553d05e4468ee2c883304690b5",
                "CHH_OT_SRR389222_sub2_L001_trimmed_1_bismark_bt2.deduplicated.txt.gz:md5,9f4c7b39d84f10211c713f059b899a4c",
                "CHH_OT_SRR389222_sub3_L001_trimmed_1_bismark_bt2.deduplicated.txt.gz:md5,0a6bffed87e2ebeb47915d60b5163aab",
                "CpG_OB_Ecoli_10K_methylated_L001_trimmed_1_bismark_bt2_pe.deduplicated.txt.gz:md5,eab3936aeadb93309dc853b911446969",
                "CpG_OB_SRR389222_sub1_L001_trimmed_1_bismark_bt2.deduplicated.txt.gz:md5,a3bb15f7b5ca52a39f3d21d04aea4273",
                "CpG_OB_SRR389222_sub2_L001_trimmed_1_bismark_bt2.deduplicated.txt.gz:md5,3bb7ed9360538b9460e8f56a0bc627a5",
                "CpG_OB_SRR389222_sub3_L001_trimmed_1_bismark_bt2.deduplicated.txt.gz:md5,db2350025c949f2b331bb0f16bafc2ff",
                "CpG_OT_Ecoli_10K_methylated_L001_trimmed_1_bismark_bt2_pe.deduplicated.txt.gz:md5,9c964be8061710e61f9bda2209f725ed",
                "CpG_OT_SRR389222_sub1_L001_trimmed_1_bismark_bt2.deduplicated.txt.gz:md5,44336a96732ca21f7be0638ff53a93e3",
                "CpG_OT_SRR389222_sub2_L001_trimmed_1_bismark_bt2.deduplicated.txt.gz:md5,7d74be468d3cff3e42586aa9c27dcd92",
                "CpG_OT_SRR389222_sub3_L001_trimmed_1_bismark_bt2.deduplicated.txt.gz:md5,9d79318edd192178fd4c9b8d9b094754",
                "Ecoli_10K_methylated_L001_trimmed_1_bismark_bt2_pe.deduplicated.bismark.cov.gz:md5,589bf81db14b3464a7fde598ef8bb3c3",
                "SRR389222_sub1_L001_trimmed_1_bismark_bt2.deduplicated.bismark.cov.gz:md5,eb0d3f96ed97c5d12afeeb49c234849d",
                "SRR389222_sub2_L001_trimmed_1_bismark_bt2.deduplicated.bismark.cov.gz:md5,137f649c439471d3ff0831874489f124",
                "SRR389222_sub3_L001_trimmed_1_bismark_bt2.deduplicated.bismark.cov.gz:md5,4ded7e572d9881d7824a804775f8a7cf",
                "Ecoli_10K_methylated_L001_trimmed_1_bismark_bt2_pe.deduplicated_splitting_report.txt:md5,81baee52ad333ef86d84366065ab5d9a",
                "SRR389222_sub1_L001_trimmed_1_bismark_bt2.deduplicated_splitting_report.txt:md5,a22dee8f638015182b11ca2810ca8862",
                "SRR389222_sub2_L001_trimmed_1_bismark_bt2.deduplicated_splitting_report.txt:md5,5d585a1ad62aa9afe9f77a5e44101b02",
                "SRR389222_sub3_L001_trimmed_1_bismark_bt2.deduplicated_splitting_report.txt:md5,ef8b4232d49915ee3bfe451fcf31c43b",
                "Ecoli_10K_methylated_L001_fastp.json:md5,2a912641399af7800458c725142c03d4",
                "Ecoli_10K_methylated_L001_trimmed_1.fastq.gz:md5,add2fdd04ca2fd69bcedfed97865a1bf",
                "Ecoli_10K_methylated_L001_trimmed_2.fastq.gz:md5,96cefd56150503cce83ba0f06e2bef3b",
                "SRR389222_sub1_L001_fastp.json:md5,7d875f7500917c6b187679d46ce9e0f6",
                "SRR389222_sub1_L001_trimmed_1.fastq.gz:md5,693099be593a25f4cc5c804673691a2e",
                "SRR389222_sub2_L001_fastp.json:md5,f4284c79453c96cd79716e4439dff0a3",
                "SRR389222_sub2_L001_trimmed_1.fastq.gz:md5,999fd4043b112c00edd7e9c04d9098ce",
                "SRR389222_sub3_L001_fastp.json:md5,88b168ac6d6271c0e057cfc21b85f3e4",
                "SRR389222_sub3_L001_trimmed_1.fastq.gz:md5,5e8339b90ecb42becdbea34e334e84ac"
            ]
        ],
        "timestamp": "2026-04-17T02:03:25.501655655",
        "meta": {
            "nf-test": "0.9.4",
            "nextflow": "25.10.4"
        }
    }
}