{
    "rastair-fastq": {
        "content": [
            [
                "bismark",
                "bismark/deduplicated",
                "bismark/deduplicated/Ecoli_10K_methylated_L001_sorted.bam",
                "bismark/deduplicated/Ecoli_10K_methylated_sorted.bam",
                "bismark/deduplicated/SRR389222_sub1_L001_sorted.bam",
                "bismark/deduplicated/SRR389222_sub1_sorted.bam",
                "bismark/deduplicated/SRR389222_sub2_L001_sorted.bam",
                "bismark/deduplicated/SRR389222_sub2_sorted.bam",
                "bismark/deduplicated/SRR389222_sub3_L001_sorted.bam",
                "bismark/deduplicated/SRR389222_sub3_sorted.bam",
                "rastair",
                "rastair/call",
                "rastair/call/Ecoli_10K_methylated_L001.rastair_call.txt",
                "rastair/call/SRR389222_sub1_L001.rastair_call.txt",
                "rastair/call/SRR389222_sub2_L001.rastair_call.txt",
                "rastair/call/SRR389222_sub3_L001.rastair_call.txt",
                "rastair/mbias",
                "rastair/mbias/Ecoli_10K_methylated_L001.rastair_mbias.txt",
                "rastair/mbias/SRR389222_sub1_L001.rastair_mbias.txt",
                "rastair/mbias/SRR389222_sub2_L001.rastair_mbias.txt",
                "rastair/mbias/SRR389222_sub3_L001.rastair_mbias.txt",
                "rastair/mbiasparser",
                "rastair/mbiasparser/Ecoli_10K_methylated_L001.rastair_mbias_processed.csv",
                "rastair/mbiasparser/SRR389222_sub1_L001.rastair_mbias_processed.csv",
                "rastair/mbiasparser/SRR389222_sub2_L001.rastair_mbias_processed.csv",
                "rastair/mbiasparser/SRR389222_sub3_L001.rastair_mbias_processed.csv",
                "rastair/methylkit",
                "rastair/methylkit/Ecoli_10K_methylated_L001.rastair_methylkit.txt.gz",
                "rastair/methylkit/SRR389222_sub1_L001.rastair_methylkit.txt.gz",
                "rastair/methylkit/SRR389222_sub2_L001.rastair_methylkit.txt.gz",
                "rastair/methylkit/SRR389222_sub3_L001.rastair_methylkit.txt.gz",
                "trimgalore",
                "trimgalore/fastqc",
                "trimgalore/fastqc/Ecoli_10K_methylated_fastp.html",
                "trimgalore/fastqc/Ecoli_10K_methylated_fastp.json",
                "trimgalore/fastqc/Ecoli_10K_methylated_trimmed_1.fastq.gz",
                "trimgalore/fastqc/Ecoli_10K_methylated_trimmed_2.fastq.gz",
                "trimgalore/fastqc/SRR389222_sub1_fastp.html",
                "trimgalore/fastqc/SRR389222_sub1_fastp.json",
                "trimgalore/fastqc/SRR389222_sub1_trimmed_1.fastq.gz",
                "trimgalore/fastqc/SRR389222_sub2_fastp.html",
                "trimgalore/fastqc/SRR389222_sub2_fastp.json",
                "trimgalore/fastqc/SRR389222_sub2_trimmed_1.fastq.gz",
                "trimgalore/fastqc/SRR389222_sub3_fastp.html",
                "trimgalore/fastqc/SRR389222_sub3_fastp.json",
                "trimgalore/fastqc/SRR389222_sub3_trimmed_1.fastq.gz"
            ],
            [
                "Ecoli_10K_methylated_L001.rastair_call.txt:md5,23f789a8fe5a457e368f36e02a87ecb2",
                "Ecoli_10K_methylated_L001.rastair_mbias.txt:md5,63f016218f9c85a24526a9e68c97c5b7",
                "Ecoli_10K_methylated_L001.rastair_mbias_processed.csv:md5,e46ba9ffc77f03688559a3007e005d91",
                "Ecoli_10K_methylated_L001.rastair_methylkit.txt.gz:md5,90fdfdb464f2a375c96bf64ea2d30445",
                "Ecoli_10K_methylated_L001_sorted.bam:md5,41503fefa1af820ffb3eb8f8dd21062b",
                "Ecoli_10K_methylated_sorted.bam:md5,4249fa05f09576c77319a1010892f1a6",
                "Ecoli_10K_methylated_trimmed_1.fastq.gz:md5,add2fdd04ca2fd69bcedfed97865a1bf",
                "Ecoli_10K_methylated_trimmed_2.fastq.gz:md5,96cefd56150503cce83ba0f06e2bef3b",
                "SRR389222_sub1_L001.rastair_call.txt:md5,23f789a8fe5a457e368f36e02a87ecb2",
                "SRR389222_sub1_L001.rastair_mbias.txt:md5,63f016218f9c85a24526a9e68c97c5b7",
                "SRR389222_sub1_L001.rastair_mbias_processed.csv:md5,e46ba9ffc77f03688559a3007e005d91",
                "SRR389222_sub1_L001.rastair_methylkit.txt.gz:md5,90fdfdb464f2a375c96bf64ea2d30445",
                "SRR389222_sub1_L001_sorted.bam:md5,dc8165a642cfb2a9773f1cb9dffcb4d0",
                "SRR389222_sub1_sorted.bam:md5,9f5bf10d8cb1cbc0a38d9aed585e90a1",
                "SRR389222_sub1_trimmed_1.fastq.gz:md5,693099be593a25f4cc5c804673691a2e",
                "SRR389222_sub2_L001.rastair_call.txt:md5,23f789a8fe5a457e368f36e02a87ecb2",
                "SRR389222_sub2_L001.rastair_mbias.txt:md5,63f016218f9c85a24526a9e68c97c5b7",
                "SRR389222_sub2_L001.rastair_mbias_processed.csv:md5,e46ba9ffc77f03688559a3007e005d91",
                "SRR389222_sub2_L001.rastair_methylkit.txt.gz:md5,90fdfdb464f2a375c96bf64ea2d30445",
                "SRR389222_sub2_L001_sorted.bam:md5,d4515ef99dfb0dd94c149fa10465b4f1",
                "SRR389222_sub2_sorted.bam:md5,79fdbe479ad35ded5364104c680cc4dd",
                "SRR389222_sub2_trimmed_1.fastq.gz:md5,999fd4043b112c00edd7e9c04d9098ce",
                "SRR389222_sub3_L001.rastair_call.txt:md5,23f789a8fe5a457e368f36e02a87ecb2",
                "SRR389222_sub3_L001.rastair_mbias.txt:md5,63f016218f9c85a24526a9e68c97c5b7",
                "SRR389222_sub3_L001.rastair_mbias_processed.csv:md5,e46ba9ffc77f03688559a3007e005d91",
                "SRR389222_sub3_L001.rastair_methylkit.txt.gz:md5,90fdfdb464f2a375c96bf64ea2d30445",
                "SRR389222_sub3_L001_sorted.bam:md5,37af34d87fa971c26de7d03ac42e6c52",
                "SRR389222_sub3_sorted.bam:md5,bfdf2d010d1adbcedce1aeb7125fadc6",
                "SRR389222_sub3_trimmed_1.fastq.gz:md5,5e8339b90ecb42becdbea34e334e84ac"
            ]
        ],
        "timestamp": "2026-04-18T15:07:41.75438327",
        "meta": {
            "nf-test": "0.9.4",
            "nextflow": "25.10.4"
        }
    }
}