{
    "rastair-fastq": {
        "content": [
            [
                "fastp",
                "fastp/Ecoli_10K_methylated_L001_fastp.html",
                "fastp/Ecoli_10K_methylated_L001_fastp.json",
                "fastp/Ecoli_10K_methylated_L001_trimmed_1.fastq.gz",
                "fastp/Ecoli_10K_methylated_L001_trimmed_2.fastq.gz",
                "fastp/SRR389222_sub1_L001_fastp.html",
                "fastp/SRR389222_sub1_L001_fastp.json",
                "fastp/SRR389222_sub1_L001_trimmed_1.fastq.gz",
                "fastp/SRR389222_sub1_L002_fastp.html",
                "fastp/SRR389222_sub1_L002_fastp.json",
                "fastp/SRR389222_sub1_L002_trimmed_1.fastq.gz",
                "fastp/SRR389222_sub3_L001_fastp.html",
                "fastp/SRR389222_sub3_L001_fastp.json",
                "fastp/SRR389222_sub3_L001_trimmed_1.fastq.gz",
                "gatk",
                "gatk/deduplicated",
                "gatk/deduplicated/Ecoli_10K_methylated.bam",
                "gatk/deduplicated/Ecoli_10K_methylated.bam.bai",
                "gatk/deduplicated/SRR389222_sub1.bam",
                "gatk/deduplicated/SRR389222_sub1.bam.bai",
                "gatk/deduplicated/SRR389222_sub3.bam",
                "gatk/deduplicated/SRR389222_sub3.bam.bai",
                "merged_alignment",
                "merged_alignment/Ecoli_10K_methylated.bam",
                "merged_alignment/Ecoli_10K_methylated.bam.bai",
                "merged_alignment/Ecoli_10K_methylated.cram",
                "merged_alignment/Ecoli_10K_methylated.cram.crai",
                "merged_alignment/SRR389222_sub1.bam",
                "merged_alignment/SRR389222_sub1.bam.bai",
                "merged_alignment/SRR389222_sub1.cram",
                "merged_alignment/SRR389222_sub1.cram.crai",
                "merged_alignment/SRR389222_sub3.bam",
                "merged_alignment/SRR389222_sub3.bam.bai",
                "merged_alignment/SRR389222_sub3.cram",
                "merged_alignment/SRR389222_sub3.cram.crai",
                "rastair",
                "rastair/call",
                "rastair/call/Ecoli_10K_methylated.rastair_call.txt",
                "rastair/call/SRR389222_sub1.rastair_call.txt",
                "rastair/call/SRR389222_sub3.rastair_call.txt",
                "rastair/mbias",
                "rastair/mbias/Ecoli_10K_methylated.rastair_mbias.txt",
                "rastair/mbias/SRR389222_sub1.rastair_mbias.txt",
                "rastair/mbias/SRR389222_sub3.rastair_mbias.txt",
                "rastair/mbiasparser",
                "rastair/mbiasparser/Ecoli_10K_methylated.rastair_mbias_processed.csv",
                "rastair/mbiasparser/SRR389222_sub1.rastair_mbias_processed.csv",
                "rastair/mbiasparser/SRR389222_sub3.rastair_mbias_processed.csv",
                "rastair/methylkit",
                "rastair/methylkit/Ecoli_10K_methylated.rastair_methylkit.txt.gz",
                "rastair/methylkit/SRR389222_sub1.rastair_methylkit.txt.gz",
                "rastair/methylkit/SRR389222_sub3.rastair_methylkit.txt.gz"
            ],
            [
                "Ecoli_10K_methylated.rastair_call.txt:md5,23f789a8fe5a457e368f36e02a87ecb2",
                "Ecoli_10K_methylated.rastair_mbias.txt:md5,63f016218f9c85a24526a9e68c97c5b7",
                "Ecoli_10K_methylated.rastair_mbias_processed.csv:md5,e46ba9ffc77f03688559a3007e005d91",
                "SRR389222_sub1.rastair_call.txt:md5,23f789a8fe5a457e368f36e02a87ecb2",
                "SRR389222_sub1.rastair_mbias.txt:md5,63f016218f9c85a24526a9e68c97c5b7",
                "SRR389222_sub1.rastair_mbias_processed.csv:md5,e46ba9ffc77f03688559a3007e005d91",
                "SRR389222_sub3.rastair_call.txt:md5,23f789a8fe5a457e368f36e02a87ecb2",
                "SRR389222_sub3.rastair_mbias.txt:md5,63f016218f9c85a24526a9e68c97c5b7",
                "SRR389222_sub3.rastair_mbias_processed.csv:md5,e46ba9ffc77f03688559a3007e005d91"
            ]
        ],
        "timestamp": "2026-04-20T17:24:59.884808879",
        "meta": {
            "nf-test": "0.9.4",
            "nextflow": "25.10.4"
        }
    }
}